Importing submoduled environments...
Submoduled environments not found. Skipping import.
=== mappo on smacv2_5_units ===
envs=128 steps_per_env=128 total=524288 seed=6 jax_backend=cpu
[mappo/smacv2_5_units] step=         0  return=   0.25  win=0.002
[mappo/smacv2_5_units] step=     16384  return=   0.26  win=0.002
[mappo/smacv2_5_units] step=     32768  return=   0.29  win=0.002
[mappo/smacv2_5_units] step=     49152  return=   0.31  win=0.004
[mappo/smacv2_5_units] step=     65536  return=   0.37  win=0.002
[mappo/smacv2_5_units] step=     81920  return=   0.42  win=0.014
[mappo/smacv2_5_units] step=     98304  return=   0.47  win=0.019
[mappo/smacv2_5_units] step=    114688  return=   0.50  win=0.018
[mappo/smacv2_5_units] step=    131072  return=   0.53  win=0.026
[mappo/smacv2_5_units] step=    147456  return=   0.57  win=0.031
[mappo/smacv2_5_units] step=    163840  return=   0.63  win=0.060
[mappo/smacv2_5_units] step=    180224  return=   0.64  win=0.053
[mappo/smacv2_5_units] step=    196608  return=   0.70  win=0.083
[mappo/smacv2_5_units] step=    212992  return=   0.75  win=0.100
[mappo/smacv2_5_units] step=    229376  return=   0.81  win=0.141
[mappo/smacv2_5_units] step=    245760  return=   0.85  win=0.162
[mappo/smacv2_5_units] step=    262144  return=   0.89  win=0.162
[mappo/smacv2_5_units] step=    278528  return=   0.91  win=0.179
[mappo/smacv2_5_units] step=    294912  return=   0.99  win=0.233
[mappo/smacv2_5_units] step=    311296  return=   0.97  win=0.226
[mappo/smacv2_5_units] step=    327680  return=   1.06  win=0.291
[mappo/smacv2_5_units] step=    344064  return=   1.05  win=0.265
[mappo/smacv2_5_units] step=    360448  return=   1.07  win=0.284
[mappo/smacv2_5_units] step=    376832  return=   1.09  win=0.304
[mappo/smacv2_5_units] step=    393216  return=   1.20  win=0.380
[mappo/smacv2_5_units] step=    409600  return=   1.12  win=0.327
[mappo/smacv2_5_units] step=    425984  return=   1.16  win=0.348
[mappo/smacv2_5_units] step=    442368  return=   1.22  win=0.396
[mappo/smacv2_5_units] step=    458752  return=   1.20  win=0.392
[mappo/smacv2_5_units] step=    475136  return=   1.21  win=0.389
[mappo/smacv2_5_units] step=    491520  return=   1.26  win=0.431
[mappo/smacv2_5_units] step=    507904  return=   1.25  win=0.423
=== done ===
{
  "algo": "mappo",
  "map": "smacv2_5_units",
  "seed": 6,
  "total_timesteps": 524288.0,
  "envs": 128,
  "steps_per_env": 128,
  "updates": 32,
  "wall_seconds": 171.0,
  "steps_per_second": 3066.3,
  "final_return": 1.2494903802871704,
  "final_win_rate": 0.4231678545475006
}
