Importing submoduled environments...
Submoduled environments not found. Skipping import.
=== mappo on smacv2_5_units ===
envs=128 steps_per_env=128 total=524288 seed=1 jax_backend=cpu
[mappo/smacv2_5_units] step=         0  return=   0.27  win=0.003
[mappo/smacv2_5_units] step=     16384  return=   0.25  win=0.002
[mappo/smacv2_5_units] step=     32768  return=   0.29  win=0.000
[mappo/smacv2_5_units] step=     49152  return=   0.28  win=0.000
[mappo/smacv2_5_units] step=     65536  return=   0.32  win=0.000
[mappo/smacv2_5_units] step=     81920  return=   0.36  win=0.010
[mappo/smacv2_5_units] step=     98304  return=   0.38  win=0.000
[mappo/smacv2_5_units] step=    114688  return=   0.43  win=0.008
[mappo/smacv2_5_units] step=    131072  return=   0.43  win=0.007
[mappo/smacv2_5_units] step=    147456  return=   0.48  win=0.010
[mappo/smacv2_5_units] step=    163840  return=   0.54  win=0.018
[mappo/smacv2_5_units] step=    180224  return=   0.58  win=0.028
[mappo/smacv2_5_units] step=    196608  return=   0.59  win=0.021
[mappo/smacv2_5_units] step=    212992  return=   0.66  win=0.049
[mappo/smacv2_5_units] step=    229376  return=   0.67  win=0.044
[mappo/smacv2_5_units] step=    245760  return=   0.75  win=0.083
[mappo/smacv2_5_units] step=    262144  return=   0.78  win=0.111
[mappo/smacv2_5_units] step=    278528  return=   0.82  win=0.124
[mappo/smacv2_5_units] step=    294912  return=   0.83  win=0.130
[mappo/smacv2_5_units] step=    311296  return=   0.90  win=0.175
[mappo/smacv2_5_units] step=    327680  return=   0.93  win=0.198
[mappo/smacv2_5_units] step=    344064  return=   0.90  win=0.177
[mappo/smacv2_5_units] step=    360448  return=   1.01  win=0.240
[mappo/smacv2_5_units] step=    376832  return=   1.04  win=0.258
[mappo/smacv2_5_units] step=    393216  return=   1.02  win=0.262
[mappo/smacv2_5_units] step=    409600  return=   1.05  win=0.269
[mappo/smacv2_5_units] step=    425984  return=   1.08  win=0.298
[mappo/smacv2_5_units] step=    442368  return=   1.12  win=0.319
[mappo/smacv2_5_units] step=    458752  return=   1.12  win=0.332
[mappo/smacv2_5_units] step=    475136  return=   1.15  win=0.338
[mappo/smacv2_5_units] step=    491520  return=   1.14  win=0.327
[mappo/smacv2_5_units] step=    507904  return=   1.17  win=0.332
=== done ===
{
  "algo": "mappo",
  "map": "smacv2_5_units",
  "seed": 1,
  "total_timesteps": 524288.0,
  "envs": 128,
  "steps_per_env": 128,
  "updates": 32,
  "wall_seconds": 100.6,
  "steps_per_second": 5213.7,
  "final_return": 1.1659882068634033,
  "final_win_rate": 0.332425057888031
}
