Importing submoduled environments...
Submoduled environments not found. Skipping import.
=== mappo on smacv2_5_units ===
envs=128 steps_per_env=128 total=524288 seed=0 jax_backend=cpu
[mappo/smacv2_5_units] step=         0  return=   0.25  win=0.002
[mappo/smacv2_5_units] step=     16384  return=   0.27  win=0.000
[mappo/smacv2_5_units] step=     32768  return=   0.30  win=0.002
[mappo/smacv2_5_units] step=     49152  return=   0.33  win=0.000
[mappo/smacv2_5_units] step=     65536  return=   0.36  win=0.005
[mappo/smacv2_5_units] step=     81920  return=   0.41  win=0.010
[mappo/smacv2_5_units] step=     98304  return=   0.44  win=0.015
[mappo/smacv2_5_units] step=    114688  return=   0.46  win=0.005
[mappo/smacv2_5_units] step=    131072  return=   0.52  win=0.027
[mappo/smacv2_5_units] step=    147456  return=   0.56  win=0.032
[mappo/smacv2_5_units] step=    163840  return=   0.60  win=0.036
[mappo/smacv2_5_units] step=    180224  return=   0.64  win=0.055
[mappo/smacv2_5_units] step=    196608  return=   0.66  win=0.051
[mappo/smacv2_5_units] step=    212992  return=   0.67  win=0.056
[mappo/smacv2_5_units] step=    229376  return=   0.74  win=0.077
[mappo/smacv2_5_units] step=    245760  return=   0.74  win=0.079
[mappo/smacv2_5_units] step=    262144  return=   0.85  win=0.146
[mappo/smacv2_5_units] step=    278528  return=   0.92  win=0.178
[mappo/smacv2_5_units] step=    294912  return=   0.89  win=0.163
[mappo/smacv2_5_units] step=    311296  return=   0.90  win=0.168
[mappo/smacv2_5_units] step=    327680  return=   0.99  win=0.233
[mappo/smacv2_5_units] step=    344064  return=   1.03  win=0.256
[mappo/smacv2_5_units] step=    360448  return=   1.09  win=0.288
[mappo/smacv2_5_units] step=    376832  return=   1.11  win=0.313
[mappo/smacv2_5_units] step=    393216  return=   1.09  win=0.284
[mappo/smacv2_5_units] step=    409600  return=   1.11  win=0.305
[mappo/smacv2_5_units] step=    425984  return=   1.17  win=0.349
[mappo/smacv2_5_units] step=    442368  return=   1.15  win=0.343
[mappo/smacv2_5_units] step=    458752  return=   1.15  win=0.341
[mappo/smacv2_5_units] step=    475136  return=   1.23  win=0.392
[mappo/smacv2_5_units] step=    491520  return=   1.17  win=0.356
[mappo/smacv2_5_units] step=    507904  return=   1.20  win=0.375
=== done ===
{
  "algo": "mappo",
  "map": "smacv2_5_units",
  "seed": 0,
  "total_timesteps": 524288.0,
  "envs": 128,
  "steps_per_env": 128,
  "updates": 32,
  "wall_seconds": 135.8,
  "steps_per_second": 3859.5,
  "final_return": 1.1955856084823608,
  "final_win_rate": 0.37532132863998413
}
