Importing submoduled environments...
Submoduled environments not found. Skipping import.
=== mappo on smacv2_5_units ===
envs=128 steps_per_env=128 total=524288 seed=2 jax_backend=cpu
[mappo/smacv2_5_units] step=         0  return=   0.25  win=0.002
[mappo/smacv2_5_units] step=     16384  return=   0.27  win=0.000
[mappo/smacv2_5_units] step=     32768  return=   0.28  win=0.000
[mappo/smacv2_5_units] step=     49152  return=   0.27  win=0.000
[mappo/smacv2_5_units] step=     65536  return=   0.28  win=0.000
[mappo/smacv2_5_units] step=     81920  return=   0.30  win=0.000
[mappo/smacv2_5_units] step=     98304  return=   0.34  win=0.004
[mappo/smacv2_5_units] step=    114688  return=   0.38  win=0.010
[mappo/smacv2_5_units] step=    131072  return=   0.45  win=0.018
[mappo/smacv2_5_units] step=    147456  return=   0.46  win=0.024
[mappo/smacv2_5_units] step=    163840  return=   0.53  win=0.040
[mappo/smacv2_5_units] step=    180224  return=   0.55  win=0.030
[mappo/smacv2_5_units] step=    196608  return=   0.61  win=0.052
[mappo/smacv2_5_units] step=    212992  return=   0.66  win=0.075
[mappo/smacv2_5_units] step=    229376  return=   0.69  win=0.082
[mappo/smacv2_5_units] step=    245760  return=   0.72  win=0.100
[mappo/smacv2_5_units] step=    262144  return=   0.73  win=0.101
[mappo/smacv2_5_units] step=    278528  return=   0.83  win=0.151
[mappo/smacv2_5_units] step=    294912  return=   0.84  win=0.156
[mappo/smacv2_5_units] step=    311296  return=   0.87  win=0.175
[mappo/smacv2_5_units] step=    327680  return=   0.86  win=0.163
[mappo/smacv2_5_units] step=    344064  return=   0.96  win=0.224
[mappo/smacv2_5_units] step=    360448  return=   0.96  win=0.226
[mappo/smacv2_5_units] step=    376832  return=   0.99  win=0.234
[mappo/smacv2_5_units] step=    393216  return=   0.99  win=0.238
[mappo/smacv2_5_units] step=    409600  return=   1.12  win=0.320
[mappo/smacv2_5_units] step=    425984  return=   1.07  win=0.302
[mappo/smacv2_5_units] step=    442368  return=   1.13  win=0.331
[mappo/smacv2_5_units] step=    458752  return=   1.17  win=0.364
[mappo/smacv2_5_units] step=    475136  return=   1.16  win=0.355
[mappo/smacv2_5_units] step=    491520  return=   1.18  win=0.356
[mappo/smacv2_5_units] step=    507904  return=   1.20  win=0.390
=== done ===
{
  "algo": "mappo",
  "map": "smacv2_5_units",
  "seed": 2,
  "total_timesteps": 524288.0,
  "envs": 128,
  "steps_per_env": 128,
  "updates": 32,
  "wall_seconds": 100.8,
  "steps_per_second": 5203.5,
  "final_return": 1.1964905261993408,
  "final_win_rate": 0.3897435963153839
}
