Importing submoduled environments...
Submoduled environments not found. Skipping import.
=== mappo on smacv2_5_units ===
envs=128 steps_per_env=128 total=524288 seed=5 jax_backend=cpu
[mappo/smacv2_5_units] step=         0  return=   0.25  win=0.000
[mappo/smacv2_5_units] step=     16384  return=   0.27  win=0.004
[mappo/smacv2_5_units] step=     32768  return=   0.28  win=0.004
[mappo/smacv2_5_units] step=     49152  return=   0.30  win=0.002
[mappo/smacv2_5_units] step=     65536  return=   0.35  win=0.000
[mappo/smacv2_5_units] step=     81920  return=   0.39  win=0.007
[mappo/smacv2_5_units] step=     98304  return=   0.45  win=0.017
[mappo/smacv2_5_units] step=    114688  return=   0.47  win=0.015
[mappo/smacv2_5_units] step=    131072  return=   0.52  win=0.022
[mappo/smacv2_5_units] step=    147456  return=   0.54  win=0.021
[mappo/smacv2_5_units] step=    163840  return=   0.59  win=0.030
[mappo/smacv2_5_units] step=    180224  return=   0.63  win=0.052
[mappo/smacv2_5_units] step=    196608  return=   0.69  win=0.065
[mappo/smacv2_5_units] step=    212992  return=   0.74  win=0.088
[mappo/smacv2_5_units] step=    229376  return=   0.83  win=0.134
[mappo/smacv2_5_units] step=    245760  return=   0.78  win=0.109
[mappo/smacv2_5_units] step=    262144  return=   0.90  win=0.181
[mappo/smacv2_5_units] step=    278528  return=   0.92  win=0.199
[mappo/smacv2_5_units] step=    294912  return=   0.93  win=0.188
[mappo/smacv2_5_units] step=    311296  return=   1.00  win=0.241
[mappo/smacv2_5_units] step=    327680  return=   0.97  win=0.226
[mappo/smacv2_5_units] step=    344064  return=   1.05  win=0.280
[mappo/smacv2_5_units] step=    360448  return=   1.08  win=0.298
[mappo/smacv2_5_units] step=    376832  return=   1.10  win=0.304
[mappo/smacv2_5_units] step=    393216  return=   1.09  win=0.305
[mappo/smacv2_5_units] step=    409600  return=   1.17  win=0.367
[mappo/smacv2_5_units] step=    425984  return=   1.20  win=0.388
[mappo/smacv2_5_units] step=    442368  return=   1.27  win=0.429
[mappo/smacv2_5_units] step=    458752  return=   1.24  win=0.406
[mappo/smacv2_5_units] step=    475136  return=   1.22  win=0.391
[mappo/smacv2_5_units] step=    491520  return=   1.19  win=0.378
[mappo/smacv2_5_units] step=    507904  return=   1.30  win=0.441
=== done ===
{
  "algo": "mappo",
  "map": "smacv2_5_units",
  "seed": 5,
  "total_timesteps": 524288.0,
  "envs": 128,
  "steps_per_env": 128,
  "updates": 32,
  "wall_seconds": 136.9,
  "steps_per_second": 3830.2,
  "final_return": 1.2953431606292725,
  "final_win_rate": 0.4413265287876129
}
